******************************************************************************
                  TI ARM Linker Unix v20.2.5                   
******************************************************************************
>> Linked Sat Oct 23 14:19:39 2021

OUTPUT FILE NAME:   <LightningDFU.out>
ENTRY POINT SYMBOL: "_c_int00_noargs"  address: 000007bd


MEMORY CONFIGURATION

         name            origin    length      used     unused   attr    fill
----------------------  --------  ---------  --------  --------  ----  --------
  FLASH                 00000000   00040000  00000914  0003f6ec  R  X
  SRAM                  20000000   00008000  00000210  00007df0  RW X


SEGMENT ALLOCATION MAP

run origin  load origin   length   init length attrs members
----------  ----------- ---------- ----------- ----- -------
00000000    00000000    00000914   00000914    r-x
  00000000    00000000    0000026c   0000026c    r-- .intvecs
  0000026c    0000026c    000005f4   000005f4    r-x .text
  00000860    00000860    00000090   00000090    r-- .const
  000008f0    000008f0    00000024   00000024    r-- .cinit
20000000    20000000    00000210   00000000    rw-
  20000000    20000000    00000200   00000000    rw- .stack
  20000200    20000200    00000010   00000000    rw- .data


SECTION ALLOCATION MAP

 output                                  attributes/
section   page    origin      length       input sections
--------  ----  ----------  ----------   ----------------
.intvecs   0    00000000    0000026c     
                  00000000    0000026c     tm4c123gh6pm_startup_ccs.obj (.intvecs)

.text      0    0000026c    000005f4     
                  0000026c    0000016c     driverlib.lib : gpio.obj (.text:GPIOPadConfigSet)
                  000003d8    00000128     main.obj (.text)
                  00000500    000000f4     driverlib.lib : sysctl.obj (.text:SysCtlClockSet)
                  000005f4    0000009c     rtsv7M4_T_le_v4SPD16_eabi.lib : memcpy_t2.asm.obj (.text)
                  00000690    00000068                                   : copy_decompress_lzss.c.obj (.text:decompress:lzss:__TI_decompress_lzss)
                  000006f8    0000004c     driverlib.lib : gpio.obj (.text:GPIOPinConfigure)
                  00000744    00000044     rtsv7M4_T_le_v4SPD16_eabi.lib : autoinit.c.obj (.text:__TI_auto_init_nobinit_nopinit:__TI_auto_init_nobinit_nopinit)
                  00000788    00000034     driverlib.lib : sysctl.obj (.text:SysCtlPeripheralEnable)
                  000007bc    00000034     rtsv7M4_T_le_v4SPD16_eabi.lib : boot_cortex_m.c.obj (.text:_c_int00_noargs:_c_int00_noargs)
                  000007f0    0000002c     driverlib.lib : gpio.obj (.text:GPIODirModeSet)
                  0000081c    00000016                   : gpio.obj (.text:GPIOPinTypeUART)
                  00000832    0000000e     rtsv7M4_T_le_v4SPD16_eabi.lib : copy_decompress_none.c.obj (.text:decompress:none:__TI_decompress_none)
                  00000840    0000000c     tm4c123gh6pm_startup_ccs.obj (.text)
                  0000084c    00000006     driverlib.lib : sysctl.obj (.text:SysCtlDelay)
                  00000852    00000006                   : uart.obj (.text:UARTClockSourceSet)
                  00000858    00000004     rtsv7M4_T_le_v4SPD16_eabi.lib : pre_init.c.obj (.text:_system_pre_init)
                  0000085c    00000004                                   : exit.c.obj (.text:abort:abort)

.const     0    00000860    00000090     
                  00000860    00000090     driverlib.lib : gpio.obj (.const:g_pui32GPIOBaseAddrs)

.cinit     0    000008f0    00000024     
                  000008f0    00000011     (.cinit..data.load) [load image, compression = lzss]
                  00000901    00000003     --HOLE-- [fill = 0]
                  00000904    00000008     (__TI_handler_table)
                  0000090c    00000008     (__TI_cinit_table)

.init_array 
*          0    00000000    00000000     UNINITIALIZED

.data      0    20000200    00000010     UNINITIALIZED
                  20000200    00000006     main.obj (.data:g_deviceEnterDFU)
                  20000206    00000006     main.obj (.data:g_deviceReset)
                  2000020c    00000004     main.obj (.data)

.stack     0    20000000    00000200     UNINITIALIZED
                  20000000    00000004     rtsv7M4_T_le_v4SPD16_eabi.lib : boot_cortex_m.c.obj (.stack)
                  20000004    000001fc     --HOLE--

__llvm_prf_cnts 
*          0    20000000    00000000     UNINITIALIZED

MODULE SUMMARY

       Module                         code   ro data   rw data
       ------                         ----   -------   -------
    ./
       tm4c123gh6pm_startup_ccs.obj   12     620       0      
       main.obj                       296    0         16     
    +--+------------------------------+------+---------+---------+
       Total:                         308    620       16     
                                                              
    /Applications/ti/ccs1100/ccs/SW-TM4C-2.2.0.295/driverlib/CCS/Debug/driverlib.lib
       gpio.obj                       506    144       0      
       sysctl.obj                     302    0         0      
       uart.obj                       6      0         0      
    +--+------------------------------+------+---------+---------+
       Total:                         814    144       0      
                                                              
    /Applications/ti/ccs1100/ccs/tools/compiler/ti-cgt-arm_20.2.5.LTS/lib/rtsv7M4_T_le_v4SPD16_eabi.lib
       memcpy_t2.asm.obj              156    0         0      
       copy_decompress_lzss.c.obj     104    0         0      
       autoinit.c.obj                 68     0         0      
       boot_cortex_m.c.obj            52     0         0      
       copy_decompress_none.c.obj     14     0         0      
       exit.c.obj                     4      0         0      
       pre_init.c.obj                 4      0         0      
    +--+------------------------------+------+---------+---------+
       Total:                         402    0         0      
                                                              
       Stack:                         0      0         512    
       Linker Generated:              0      33        0      
    +--+------------------------------+------+---------+---------+
       Grand Total:                   1524   797       528    


LINKER GENERATED COPY TABLES

__TI_cinit_table @ 0000090c records: 1, size/record: 8, table size: 8
	.data: load addr=000008f0, load size=00000011 bytes, run addr=20000200, run size=00000010 bytes, compression=lzss


LINKER GENERATED HANDLER TABLE

__TI_handler_table @ 00000904 records: 2, size/record: 4, table size: 8
	index: 0, handler: __TI_decompress_lzss
	index: 1, handler: __TI_decompress_none


GLOBAL SYMBOLS: SORTED ALPHABETICALLY BY Name 

address   name                          
-------   ----                          
000003f7  AppButtonHandler              
0000085d  C$$EXIT                       
00000435  CalculateCRC                  
000003f9  ConfigureUART                 
000004c3  ConfigureWatchdog             
000003e9  DoDFUCommand                  
000003db  DoResetCommand                
000007f1  GPIODirModeSet                
0000026d  GPIOPadConfigSet              
000006f9  GPIOPinConfigure              
0000081d  GPIOPinTypeUART               
00000841  ResetISR                      
000003d9  SendWake                      
00000501  SysCtlClockSet                
0000084d  SysCtlDelay                   
00000789  SysCtlPeripheralEnable        
00000853  UARTClockSourceSet            
UNDEFED   UARTStdioConfig               
20000200  __STACK_END                   
00000200  __STACK_SIZE                  
20000200  __STACK_TOP                   
0000090c  __TI_CINIT_Base               
00000914  __TI_CINIT_Limit              
00000904  __TI_Handler_Table_Base       
0000090c  __TI_Handler_Table_Limit      
00000745  __TI_auto_init_nobinit_nopinit
00000691  __TI_decompress_lzss          
00000833  __TI_decompress_none          
ffffffff  __TI_pprof_out_hndl           
ffffffff  __TI_prof_data_size           
ffffffff  __TI_prof_data_start          
00000000  __TI_static_base__            
000005f5  __aeabi_memcpy                
000005f5  __aeabi_memcpy4               
000005f5  __aeabi_memcpy8               
ffffffff  __binit__                     
ffffffff  __c_args__                    
UNDEFED   __mpu_init                    
20000000  __stack                       
20000000  __start___llvm_prf_cnts       
20000000  __stop___llvm_prf_cnts        
000007bd  _c_int00_noargs               
UNDEFED   _system_post_cinit            
00000859  _system_pre_init              
0000085d  abort                         
ffffffff  binit                         
00000000  g_pfnVectors                  
000004cf  main                          
000005f5  memcpy                        


GLOBAL SYMBOLS: SORTED BY Symbol Address 

address   name                          
-------   ----                          
00000000  __TI_static_base__            
00000000  g_pfnVectors                  
00000200  __STACK_SIZE                  
0000026d  GPIOPadConfigSet              
000003d9  SendWake                      
000003db  DoResetCommand                
000003e9  DoDFUCommand                  
000003f7  AppButtonHandler              
000003f9  ConfigureUART                 
00000435  CalculateCRC                  
000004c3  ConfigureWatchdog             
000004cf  main                          
00000501  SysCtlClockSet                
000005f5  __aeabi_memcpy                
000005f5  __aeabi_memcpy4               
000005f5  __aeabi_memcpy8               
000005f5  memcpy                        
00000691  __TI_decompress_lzss          
000006f9  GPIOPinConfigure              
00000745  __TI_auto_init_nobinit_nopinit
00000789  SysCtlPeripheralEnable        
000007bd  _c_int00_noargs               
000007f1  GPIODirModeSet                
0000081d  GPIOPinTypeUART               
00000833  __TI_decompress_none          
00000841  ResetISR                      
0000084d  SysCtlDelay                   
00000853  UARTClockSourceSet            
00000859  _system_pre_init              
0000085d  C$$EXIT                       
0000085d  abort                         
00000904  __TI_Handler_Table_Base       
0000090c  __TI_CINIT_Base               
0000090c  __TI_Handler_Table_Limit      
00000914  __TI_CINIT_Limit              
20000000  __stack                       
20000000  __start___llvm_prf_cnts       
20000000  __stop___llvm_prf_cnts        
20000200  __STACK_END                   
20000200  __STACK_TOP                   
ffffffff  __TI_pprof_out_hndl           
ffffffff  __TI_prof_data_size           
ffffffff  __TI_prof_data_start          
ffffffff  __binit__                     
ffffffff  __c_args__                    
ffffffff  binit                         
UNDEFED   UARTStdioConfig               
UNDEFED   __mpu_init                    
UNDEFED   _system_post_cinit            

[49 symbols]
